Analysis & Synthesis report for ARMSOC_1
Fri Apr 30 19:38:43 2021
Quartus II 64-Bit Version 13.0.1 Build 232 06/12/2013 Service Pack 1 SJ Full Version


---------------------
; Table of Contents ;
---------------------
  1. Legal Notice
  2. Analysis & Synthesis Summary
  3. Analysis & Synthesis Settings
  4. Parallel Compilation
  5. Analysis & Synthesis Source Files Read
  6. Analysis & Synthesis Resource Usage Summary
  7. Analysis & Synthesis Resource Utilization by Entity
  8. Registers Removed During Synthesis
  9. General Register Statistics
 10. Inverted Register Statistics
 11. Multiplexer Restructuring Statistics (Restructuring Performed)
 12. Parameter Settings for User Entity Instance: AHBLITE_SYS:b2v_inst2|AHB2MEM:uAHB2MEM
 13. Port Connectivity Checks: "AHBLITE_SYS:b2v_inst2|AHB2LED:uAHB2SEG7"
 14. Port Connectivity Checks: "AHBLITE_SYS:b2v_inst2|AHB2MEM:uAHB2MEM"
 15. Port Connectivity Checks: "AHBLITE_SYS:b2v_inst2|AHBMUX:uAHBMUX"
 16. Port Connectivity Checks: "AHBLITE_SYS:b2v_inst2|AHBDCD:uAHBDCD"
 17. Port Connectivity Checks: "AHBLITE_SYS:b2v_inst2|CORTEXM0DS:u_cortexm0ds|cortexm0ds_logic:u_logic"
 18. Port Connectivity Checks: "AHBLITE_SYS:b2v_inst2|CORTEXM0DS:u_cortexm0ds"
 19. Elapsed Time Per Partition
 20. Analysis & Synthesis Messages
 21. Analysis & Synthesis Suppressed Messages



----------------
; Legal Notice ;
----------------
Copyright (C) 1991-2013 Altera Corporation
Your use of Altera Corporation's design tools, logic functions 
and other software and tools, and its AMPP partner logic 
functions, and any output files from any of the foregoing 
(including device programming or simulation files), and any 
associated documentation or information are expressly subject 
to the terms and conditions of the Altera Program License 
Subscription Agreement, Altera MegaCore Function License 
Agreement, or other applicable license agreement, including, 
without limitation, that your use is for the sole purpose of 
programming logic devices manufactured by Altera and sold by 
Altera or its authorized distributors.  Please refer to the 
applicable agreement for further details.



+---------------------------------------------------------------------------------------+
; Analysis & Synthesis Summary                                                          ;
+------------------------------------+--------------------------------------------------+
; Analysis & Synthesis Status        ; Successful - Fri Apr 30 19:38:43 2021            ;
; Quartus II 64-Bit Version          ; 13.0.1 Build 232 06/12/2013 SP 1 SJ Full Version ;
; Revision Name                      ; ARMSOC_1                                         ;
; Top-level Entity Name              ; ARMSOC_1                                         ;
; Family                             ; Cyclone II                                       ;
; Total logic elements               ; 19,014                                           ;
;     Total combinational functions  ; 12,417                                           ;
;     Dedicated logic registers      ; 9,042                                            ;
; Total registers                    ; 9042                                             ;
; Total pins                         ; 67                                               ;
; Total virtual pins                 ; 0                                                ;
; Total memory bits                  ; 0                                                ;
; Embedded Multiplier 9-bit elements ; 0                                                ;
; Total PLLs                         ; 0                                                ;
+------------------------------------+--------------------------------------------------+


+----------------------------------------------------------------------------------------------------------------------+
; Analysis & Synthesis Settings                                                                                        ;
+----------------------------------------------------------------------------+--------------------+--------------------+
; Option                                                                     ; Setting            ; Default Value      ;
+----------------------------------------------------------------------------+--------------------+--------------------+
; Device                                                                     ; EP2C35F672C6       ;                    ;
; Top-level entity name                                                      ; ARMSOC_1           ; ARMSOC_1           ;
; Family name                                                                ; Cyclone II         ; Cyclone IV GX      ;
; Use smart compilation                                                      ; Off                ; Off                ;
; Enable parallel Assembler and TimeQuest Timing Analyzer during compilation ; On                 ; On                 ;
; Enable compact report table                                                ; Off                ; Off                ;
; Restructure Multiplexers                                                   ; Auto               ; Auto               ;
; Create Debugging Nodes for IP Cores                                        ; Off                ; Off                ;
; Preserve fewer node names                                                  ; On                 ; On                 ;
; Disable OpenCore Plus hardware evaluation                                  ; Off                ; Off                ;
; Verilog Version                                                            ; Verilog_2001       ; Verilog_2001       ;
; VHDL Version                                                               ; VHDL_1993          ; VHDL_1993          ;
; State Machine Processing                                                   ; Auto               ; Auto               ;
; Safe State Machine                                                         ; Off                ; Off                ;
; Extract Verilog State Machines                                             ; On                 ; On                 ;
; Extract VHDL State Machines                                                ; On                 ; On                 ;
; Ignore Verilog initial constructs                                          ; Off                ; Off                ;
; Iteration limit for constant Verilog loops                                 ; 5000               ; 5000               ;
; Iteration limit for non-constant Verilog loops                             ; 250                ; 250                ;
; Add Pass-Through Logic to Inferred RAMs                                    ; On                 ; On                 ;
; Infer RAMs from Raw Logic                                                  ; On                 ; On                 ;
; Parallel Synthesis                                                         ; On                 ; On                 ;
; DSP Block Balancing                                                        ; Auto               ; Auto               ;
; NOT Gate Push-Back                                                         ; On                 ; On                 ;
; Power-Up Don't Care                                                        ; On                 ; On                 ;
; Remove Redundant Logic Cells                                               ; Off                ; Off                ;
; Remove Duplicate Registers                                                 ; On                 ; On                 ;
; Ignore CARRY Buffers                                                       ; Off                ; Off                ;
; Ignore CASCADE Buffers                                                     ; Off                ; Off                ;
; Ignore GLOBAL Buffers                                                      ; Off                ; Off                ;
; Ignore ROW GLOBAL Buffers                                                  ; Off                ; Off                ;
; Ignore LCELL Buffers                                                       ; Off                ; Off                ;
; Ignore SOFT Buffers                                                        ; On                 ; On                 ;
; Limit AHDL Integers to 32 Bits                                             ; Off                ; Off                ;
; Optimization Technique                                                     ; Balanced           ; Balanced           ;
; Carry Chain Length                                                         ; 70                 ; 70                 ;
; Auto Carry Chains                                                          ; On                 ; On                 ;
; Auto Open-Drain Pins                                                       ; On                 ; On                 ;
; Perform WYSIWYG Primitive Resynthesis                                      ; Off                ; Off                ;
; Auto ROM Replacement                                                       ; On                 ; On                 ;
; Auto RAM Replacement                                                       ; On                 ; On                 ;
; Auto Shift Register Replacement                                            ; Auto               ; Auto               ;
; Allow Shift Register Merging across Hierarchies                            ; Auto               ; Auto               ;
; Auto Clock Enable Replacement                                              ; On                 ; On                 ;
; Strict RAM Replacement                                                     ; Off                ; Off                ;
; Allow Synchronous Control Signals                                          ; On                 ; On                 ;
; Force Use of Synchronous Clear Signals                                     ; Off                ; Off                ;
; Auto RAM to Logic Cell Conversion                                          ; Off                ; Off                ;
; Auto Resource Sharing                                                      ; Off                ; Off                ;
; Allow Any RAM Size For Recognition                                         ; Off                ; Off                ;
; Allow Any ROM Size For Recognition                                         ; Off                ; Off                ;
; Allow Any Shift Register Size For Recognition                              ; Off                ; Off                ;
; Use LogicLock Constraints during Resource Balancing                        ; On                 ; On                 ;
; Ignore translate_off and synthesis_off directives                          ; Off                ; Off                ;
; Timing-Driven Synthesis                                                    ; Off                ; Off                ;
; Report Parameter Settings                                                  ; On                 ; On                 ;
; Report Source Assignments                                                  ; On                 ; On                 ;
; Report Connectivity Checks                                                 ; On                 ; On                 ;
; Ignore Maximum Fan-Out Assignments                                         ; Off                ; Off                ;
; Synchronization Register Chain Length                                      ; 2                  ; 2                  ;
; PowerPlay Power Optimization                                               ; Normal compilation ; Normal compilation ;
; HDL message level                                                          ; Level2             ; Level2             ;
; Suppress Register Optimization Related Messages                            ; Off                ; Off                ;
; Number of Removed Registers Reported in Synthesis Report                   ; 5000               ; 5000               ;
; Number of Swept Nodes Reported in Synthesis Report                         ; 5000               ; 5000               ;
; Number of Inverted Registers Reported in Synthesis Report                  ; 100                ; 100                ;
; Clock MUX Protection                                                       ; On                 ; On                 ;
; Auto Gated Clock Conversion                                                ; Off                ; Off                ;
; Block Design Naming                                                        ; Auto               ; Auto               ;
; SDC constraint protection                                                  ; Off                ; Off                ;
; Synthesis Effort                                                           ; Auto               ; Auto               ;
; Shift Register Replacement - Allow Asynchronous Clear Signal               ; On                 ; On                 ;
; Pre-Mapping Resynthesis Optimization                                       ; Off                ; Off                ;
; Analysis & Synthesis Message Level                                         ; Medium             ; Medium             ;
; Disable Register Merging Across Hierarchies                                ; Auto               ; Auto               ;
; Resource Aware Inference For Block RAM                                     ; On                 ; On                 ;
; Synthesis Seed                                                             ; 1                  ; 1                  ;
+----------------------------------------------------------------------------+--------------------+--------------------+


+------------------------------------------+
; Parallel Compilation                     ;
+----------------------------+-------------+
; Processors                 ; Number      ;
+----------------------------+-------------+
; Number detected on machine ; 8           ;
; Maximum allowed            ; 4           ;
;                            ;             ;
; Average used               ; 1.00        ;
; Maximum used               ; 1           ;
;                            ;             ;
; Usage by Processor         ; % Time Used ;
;     Processor 1            ; 100.0%      ;
;     Processors 2-8         ;   0.0%      ;
+----------------------------+-------------+


+--------------------------------------------------------------------------------------------------------------------------------------------------------------------------------------------------------------------------------------+
; Analysis & Synthesis Source Files Read                                                                                                                                                                                               ;
+--------------------------------------------------------+-----------------+---------------------------------------------+---------------------------------------------------------------------------------------------------+---------+
; File Name with User-Entered Path                       ; Used in Netlist ; File Type                                   ; File Name with Absolute Path                                                                      ; Library ;
+--------------------------------------------------------+-----------------+---------------------------------------------+---------------------------------------------------------------------------------------------------+---------+
; ../AHBMUX.v                                            ; yes             ; User Verilog HDL File                       ; M:/Design-Start-Students-v2/DesignStart-Students-V2/EXAMPLE_SoC/ARMSOC_DE2_1/AHBMUX.v             ;         ;
; ../AHBDCD.v                                            ; yes             ; User Verilog HDL File                       ; M:/Design-Start-Students-v2/DesignStart-Students-V2/EXAMPLE_SoC/ARMSOC_DE2_1/AHBDCD.v             ;         ;
; ../../../Parts/AHB_Peripherals/AHBL_LED/AHB2LED.v      ; yes             ; User Verilog HDL File                       ; M:/Design-Start-Students-v2/DesignStart-Students-V2/Parts/AHB_Peripherals/AHBL_LED/AHB2LED.v      ;         ;
; ../../../Parts/cortexm0ds/verilog/cortexm0ds_logic.v   ; yes             ; User Verilog HDL File                       ; M:/Design-Start-Students-v2/DesignStart-Students-V2/Parts/cortexm0ds/verilog/cortexm0ds_logic.v   ;         ;
; ../../../Parts/cortexm0ds/verilog/CORTEXM0DS.v         ; yes             ; User Verilog HDL File                       ; M:/Design-Start-Students-v2/DesignStart-Students-V2/Parts/cortexm0ds/verilog/CORTEXM0DS.v         ;         ;
; ../../../Parts/AHB_Peripherals/ClockDivider/ClockDiv.v ; yes             ; User Verilog HDL File                       ; M:/Design-Start-Students-v2/DesignStart-Students-V2/Parts/AHB_Peripherals/ClockDivider/ClockDiv.v ;         ;
; ../AHBLITE_SYS.v                                       ; yes             ; User Verilog HDL File                       ; M:/Design-Start-Students-v2/DesignStart-Students-V2/EXAMPLE_SoC/ARMSOC_DE2_1/AHBLITE_SYS.v        ;         ;
; ../../../Parts/AHB_Peripherals/AHBL_MEM/AHB2MEM_V2.v   ; yes             ; User Verilog HDL File                       ; M:/Design-Start-Students-v2/DesignStart-Students-V2/Parts/AHB_Peripherals/AHBL_MEM/AHB2MEM_V2.v   ;         ;
; ARMSOC_1.v                                             ; yes             ; User Verilog HDL File                       ; M:/Design-Start-Students-v2/DesignStart-Students-V2/EXAMPLE_SoC/ARMSOC_DE2_1/Altera/ARMSOC_1.v    ;         ;
; code.hex                                               ; yes             ; Auto-Found Hexadecimal (Intel-Format) File  ; M:/Design-Start-Students-v2/DesignStart-Students-V2/EXAMPLE_SoC/ARMSOC_DE2_1/Altera/code.hex      ;         ;
+--------------------------------------------------------+-----------------+---------------------------------------------+---------------------------------------------------------------------------------------------------+---------+


+--------------------------------------------------------+
; Analysis & Synthesis Resource Usage Summary            ;
+---------------------------------------------+----------+
; Resource                                    ; Usage    ;
+---------------------------------------------+----------+
; Estimated Total logic elements              ; 19,014   ;
;                                             ;          ;
; Total combinational functions               ; 12417    ;
; Logic element usage by number of LUT inputs ;          ;
;     -- 4 input functions                    ; 9433     ;
;     -- 3 input functions                    ; 610      ;
;     -- <=2 input functions                  ; 2374     ;
;                                             ;          ;
; Logic elements by mode                      ;          ;
;     -- normal mode                          ; 12296    ;
;     -- arithmetic mode                      ; 121      ;
;                                             ;          ;
; Total registers                             ; 9042     ;
;     -- Dedicated logic registers            ; 9042     ;
;     -- I/O registers                        ; 0        ;
;                                             ;          ;
; I/O pins                                    ; 67       ;
; Embedded Multiplier 9-bit elements          ; 0        ;
; Maximum fan-out node                        ; CLOCK_50 ;
; Maximum fan-out                             ; 9042     ;
; Total fan-out                               ; 69948    ;
; Average fan-out                             ; 3.25     ;
+---------------------------------------------+----------+


+---------------------------------------------------------------------------------------------------------------------------------------------------------------------------------------------------------------------------------------------------+
; Analysis & Synthesis Resource Utilization by Entity                                                                                                                                                                                               ;
+-------------------------------------+-------------------+--------------+-------------+--------------+---------+-----------+------+--------------+----------------------------------------------------------------------------------+--------------+
; Compilation Hierarchy Node          ; LC Combinationals ; LC Registers ; Memory Bits ; DSP Elements ; DSP 9x9 ; DSP 18x18 ; Pins ; Virtual Pins ; Full Hierarchy Name                                                              ; Library Name ;
+-------------------------------------+-------------------+--------------+-------------+--------------+---------+-----------+------+--------------+----------------------------------------------------------------------------------+--------------+
; |ARMSOC_1                           ; 12417 (0)         ; 9042 (0)     ; 0           ; 0            ; 0       ; 0         ; 67   ; 0            ; |ARMSOC_1                                                                        ; work         ;
;    |AHBLITE_SYS:b2v_inst2|          ; 12417 (0)         ; 9042 (0)     ; 0           ; 0            ; 0       ; 0         ; 0    ; 0            ; |ARMSOC_1|AHBLITE_SYS:b2v_inst2                                                  ; work         ;
;       |AHB2LED:uAHB2LED|            ; 4 (4)             ; 11 (11)      ; 0           ; 0            ; 0       ; 0         ; 0    ; 0            ; |ARMSOC_1|AHBLITE_SYS:b2v_inst2|AHB2LED:uAHB2LED                                 ; work         ;
;       |AHB2MEM:uAHB2MEM|            ; 3133 (3133)       ; 8206 (8206)  ; 0           ; 0            ; 0       ; 0         ; 0    ; 0            ; |ARMSOC_1|AHBLITE_SYS:b2v_inst2|AHB2MEM:uAHB2MEM                                 ; work         ;
;       |AHBDCD:uAHBDCD|              ; 13 (13)           ; 0 (0)        ; 0           ; 0            ; 0       ; 0         ; 0    ; 0            ; |ARMSOC_1|AHBLITE_SYS:b2v_inst2|AHBDCD:uAHBDCD                                   ; work         ;
;       |AHBMUX:uAHBMUX|              ; 5475 (5475)       ; 4 (4)        ; 0           ; 0            ; 0       ; 0         ; 0    ; 0            ; |ARMSOC_1|AHBLITE_SYS:b2v_inst2|AHBMUX:uAHBMUX                                   ; work         ;
;       |CORTEXM0DS:u_cortexm0ds|     ; 3792 (0)          ; 821 (0)      ; 0           ; 0            ; 0       ; 0         ; 0    ; 0            ; |ARMSOC_1|AHBLITE_SYS:b2v_inst2|CORTEXM0DS:u_cortexm0ds                          ; work         ;
;          |cortexm0ds_logic:u_logic| ; 3792 (3792)       ; 821 (821)    ; 0           ; 0            ; 0       ; 0         ; 0    ; 0            ; |ARMSOC_1|AHBLITE_SYS:b2v_inst2|CORTEXM0DS:u_cortexm0ds|cortexm0ds_logic:u_logic ; work         ;
+-------------------------------------+-------------------+--------------+-------------+--------------+---------+-----------+------+--------------+----------------------------------------------------------------------------------+--------------+
Note: For table entries with two numbers listed, the numbers in parentheses indicate the number of resources of the given type used by the specific entity alone. The numbers listed outside of parentheses indicate the total resources of the given type used by the specific entity and all of its sub-entities in the hierarchy.


+-----------------------------------------------------------------------------------------------------------------------------------------------+
; Registers Removed During Synthesis                                                                                                            ;
+-------------------------------------------------------------------------------+---------------------------------------------------------------+
; Register name                                                                 ; Reason for Removal                                            ;
+-------------------------------------------------------------------------------+---------------------------------------------------------------+
; AHBLITE_SYS:b2v_inst2|CORTEXM0DS:u_cortexm0ds|cortexm0ds_logic:u_logic|Zqb3z4 ; Lost fanout                                                   ;
; AHBLITE_SYS:b2v_inst2|CORTEXM0DS:u_cortexm0ds|cortexm0ds_logic:u_logic|E9c3z4 ; Lost fanout                                                   ;
; AHBLITE_SYS:b2v_inst2|CORTEXM0DS:u_cortexm0ds|cortexm0ds_logic:u_logic|Yvb3z4 ; Lost fanout                                                   ;
; AHBLITE_SYS:b2v_inst2|CORTEXM0DS:u_cortexm0ds|cortexm0ds_logic:u_logic|Qsb3z4 ; Lost fanout                                                   ;
; AHBLITE_SYS:b2v_inst2|CORTEXM0DS:u_cortexm0ds|cortexm0ds_logic:u_logic|Rnb3z4 ; Lost fanout                                                   ;
; AHBLITE_SYS:b2v_inst2|CORTEXM0DS:u_cortexm0ds|cortexm0ds_logic:u_logic|W5c3z4 ; Lost fanout                                                   ;
; AHBLITE_SYS:b2v_inst2|CORTEXM0DS:u_cortexm0ds|cortexm0ds_logic:u_logic|O2c3z4 ; Lost fanout                                                   ;
; AHBLITE_SYS:b2v_inst2|CORTEXM0DS:u_cortexm0ds|cortexm0ds_logic:u_logic|Gzb3z4 ; Lost fanout                                                   ;
; AHBLITE_SYS:b2v_inst2|CORTEXM0DS:u_cortexm0ds|cortexm0ds_logic:u_logic|C7f3z4 ; Lost fanout                                                   ;
; AHBLITE_SYS:b2v_inst2|CORTEXM0DS:u_cortexm0ds|cortexm0ds_logic:u_logic|Q0f3z4 ; Lost fanout                                                   ;
; AHBLITE_SYS:b2v_inst2|CORTEXM0DS:u_cortexm0ds|cortexm0ds_logic:u_logic|Qnn2z4 ; Lost fanout                                                   ;
; AHBLITE_SYS:b2v_inst2|CORTEXM0DS:u_cortexm0ds|cortexm0ds_logic:u_logic|Jje3z4 ; Lost fanout                                                   ;
; AHBLITE_SYS:b2v_inst2|CORTEXM0DS:u_cortexm0ds|cortexm0ds_logic:u_logic|W8r2z4 ; Lost fanout                                                   ;
; AHBLITE_SYS:b2v_inst2|CORTEXM0DS:u_cortexm0ds|cortexm0ds_logic:u_logic|Etq2z4 ; Lost fanout                                                   ;
; AHBLITE_SYS:b2v_inst2|CORTEXM0DS:u_cortexm0ds|cortexm0ds_logic:u_logic|Q4h3z4 ; Lost fanout                                                   ;
; AHBLITE_SYS:b2v_inst2|CORTEXM0DS:u_cortexm0ds|cortexm0ds_logic:u_logic|I6h3z4 ; Lost fanout                                                   ;
; AHBLITE_SYS:b2v_inst2|CORTEXM0DS:u_cortexm0ds|cortexm0ds_logic:u_logic|Mvi2z4 ; Lost fanout                                                   ;
; AHBLITE_SYS:b2v_inst2|AHB2MEM:uAHB2MEM|APhase_HTRANS[1]                       ; Merged with AHBLITE_SYS:b2v_inst2|AHB2LED:uAHB2LED|rHTRANS[1] ;
; AHBLITE_SYS:b2v_inst2|CORTEXM0DS:u_cortexm0ds|cortexm0ds_logic:u_logic|Y9t2z4 ; Merged with AHBLITE_SYS:b2v_inst2|AHB2LED:uAHB2LED|rHWRITE    ;
; AHBLITE_SYS:b2v_inst2|AHB2MEM:uAHB2MEM|APhase_HWRITE                          ; Merged with AHBLITE_SYS:b2v_inst2|AHB2LED:uAHB2LED|rHWRITE    ;
; Total Number of Removed Registers = 20                                        ;                                                               ;
+-------------------------------------------------------------------------------+---------------------------------------------------------------+


+------------------------------------------------------+
; General Register Statistics                          ;
+----------------------------------------------+-------+
; Statistic                                    ; Value ;
+----------------------------------------------+-------+
; Total registers                              ; 9042  ;
; Number of registers using Synchronous Clear  ; 0     ;
; Number of registers using Synchronous Load   ; 0     ;
; Number of registers using Asynchronous Clear ; 850   ;
; Number of registers using Asynchronous Load  ; 0     ;
; Number of registers using Clock Enable       ; 8812  ;
; Number of registers using Preset             ; 0     ;
+----------------------------------------------+-------+


+-----------------------------------------------------------------------------------------+
; Inverted Register Statistics                                                            ;
+-------------------------------------------------------------------------------+---------+
; Inverted Register                                                             ; Fan out ;
+-------------------------------------------------------------------------------+---------+
; AHBLITE_SYS:b2v_inst2|CORTEXM0DS:u_cortexm0ds|cortexm0ds_logic:u_logic|O5t2z4 ; 127     ;
; AHBLITE_SYS:b2v_inst2|CORTEXM0DS:u_cortexm0ds|cortexm0ds_logic:u_logic|H9i2z4 ; 69      ;
; AHBLITE_SYS:b2v_inst2|CORTEXM0DS:u_cortexm0ds|cortexm0ds_logic:u_logic|R1w2z4 ; 29      ;
; AHBLITE_SYS:b2v_inst2|CORTEXM0DS:u_cortexm0ds|cortexm0ds_logic:u_logic|G0w2z4 ; 25      ;
; AHBLITE_SYS:b2v_inst2|CORTEXM0DS:u_cortexm0ds|cortexm0ds_logic:u_logic|Hyy2z4 ; 52      ;
; AHBLITE_SYS:b2v_inst2|CORTEXM0DS:u_cortexm0ds|cortexm0ds_logic:u_logic|Qdj2z4 ; 28      ;
; AHBLITE_SYS:b2v_inst2|CORTEXM0DS:u_cortexm0ds|cortexm0ds_logic:u_logic|U2x2z4 ; 58      ;
; AHBLITE_SYS:b2v_inst2|CORTEXM0DS:u_cortexm0ds|cortexm0ds_logic:u_logic|Nqy2z4 ; 49      ;
; AHBLITE_SYS:b2v_inst2|CORTEXM0DS:u_cortexm0ds|cortexm0ds_logic:u_logic|Xly2z4 ; 18      ;
; AHBLITE_SYS:b2v_inst2|CORTEXM0DS:u_cortexm0ds|cortexm0ds_logic:u_logic|Lny2z4 ; 19      ;
; AHBLITE_SYS:b2v_inst2|CORTEXM0DS:u_cortexm0ds|cortexm0ds_logic:u_logic|Zoy2z4 ; 39      ;
; AHBLITE_SYS:b2v_inst2|CORTEXM0DS:u_cortexm0ds|cortexm0ds_logic:u_logic|H3d3z4 ; 18      ;
; AHBLITE_SYS:b2v_inst2|CORTEXM0DS:u_cortexm0ds|cortexm0ds_logic:u_logic|T1d3z4 ; 19      ;
; AHBLITE_SYS:b2v_inst2|CORTEXM0DS:u_cortexm0ds|cortexm0ds_logic:u_logic|Svk2z4 ; 19      ;
; AHBLITE_SYS:b2v_inst2|CORTEXM0DS:u_cortexm0ds|cortexm0ds_logic:u_logic|Yaz2z4 ; 18      ;
; AHBLITE_SYS:b2v_inst2|CORTEXM0DS:u_cortexm0ds|cortexm0ds_logic:u_logic|Hq23z4 ; 2       ;
; AHBLITE_SYS:b2v_inst2|CORTEXM0DS:u_cortexm0ds|cortexm0ds_logic:u_logic|Iwp2z4 ; 7       ;
; AHBLITE_SYS:b2v_inst2|CORTEXM0DS:u_cortexm0ds|cortexm0ds_logic:u_logic|Knz2z4 ; 2       ;
; AHBLITE_SYS:b2v_inst2|CORTEXM0DS:u_cortexm0ds|cortexm0ds_logic:u_logic|Yg13z4 ; 2       ;
; AHBLITE_SYS:b2v_inst2|CORTEXM0DS:u_cortexm0ds|cortexm0ds_logic:u_logic|Z853z4 ; 2       ;
; AHBLITE_SYS:b2v_inst2|CORTEXM0DS:u_cortexm0ds|cortexm0ds_logic:u_logic|Qz33z4 ; 2       ;
; AHBLITE_SYS:b2v_inst2|CORTEXM0DS:u_cortexm0ds|cortexm0ds_logic:u_logic|Ek03z4 ; 2       ;
; AHBLITE_SYS:b2v_inst2|CORTEXM0DS:u_cortexm0ds|cortexm0ds_logic:u_logic|Imt2z4 ; 2       ;
; AHBLITE_SYS:b2v_inst2|CORTEXM0DS:u_cortexm0ds|cortexm0ds_logic:u_logic|Rr73z4 ; 2       ;
; AHBLITE_SYS:b2v_inst2|CORTEXM0DS:u_cortexm0ds|cortexm0ds_logic:u_logic|Rvu2z4 ; 2       ;
; AHBLITE_SYS:b2v_inst2|CORTEXM0DS:u_cortexm0ds|cortexm0ds_logic:u_logic|Ejm2z4 ; 2       ;
; AHBLITE_SYS:b2v_inst2|CORTEXM0DS:u_cortexm0ds|cortexm0ds_logic:u_logic|Unm2z4 ; 2       ;
; AHBLITE_SYS:b2v_inst2|CORTEXM0DS:u_cortexm0ds|cortexm0ds_logic:u_logic|Gmm2z4 ; 2       ;
; AHBLITE_SYS:b2v_inst2|CORTEXM0DS:u_cortexm0ds|cortexm0ds_logic:u_logic|Skm2z4 ; 2       ;
; AHBLITE_SYS:b2v_inst2|CORTEXM0DS:u_cortexm0ds|cortexm0ds_logic:u_logic|Ii63z4 ; 2       ;
; AHBLITE_SYS:b2v_inst2|CORTEXM0DS:u_cortexm0ds|cortexm0ds_logic:u_logic|Ruj2z4 ; 2       ;
; AHBLITE_SYS:b2v_inst2|CORTEXM0DS:u_cortexm0ds|cortexm0ds_logic:u_logic|Ukt2z4 ; 2       ;
; AHBLITE_SYS:b2v_inst2|CORTEXM0DS:u_cortexm0ds|cortexm0ds_logic:u_logic|Duu2z4 ; 2       ;
; AHBLITE_SYS:b2v_inst2|CORTEXM0DS:u_cortexm0ds|cortexm0ds_logic:u_logic|Dtj2z4 ; 2       ;
; AHBLITE_SYS:b2v_inst2|CORTEXM0DS:u_cortexm0ds|cortexm0ds_logic:u_logic|Ug63z4 ; 2       ;
; AHBLITE_SYS:b2v_inst2|CORTEXM0DS:u_cortexm0ds|cortexm0ds_logic:u_logic|Dq73z4 ; 2       ;
; AHBLITE_SYS:b2v_inst2|CORTEXM0DS:u_cortexm0ds|cortexm0ds_logic:u_logic|Txj2z4 ; 2       ;
; AHBLITE_SYS:b2v_inst2|CORTEXM0DS:u_cortexm0ds|cortexm0ds_logic:u_logic|Fwj2z4 ; 2       ;
; AHBLITE_SYS:b2v_inst2|CORTEXM0DS:u_cortexm0ds|cortexm0ds_logic:u_logic|Qi03z4 ; 2       ;
; AHBLITE_SYS:b2v_inst2|CORTEXM0DS:u_cortexm0ds|cortexm0ds_logic:u_logic|U4z2z4 ; 6       ;
; AHBLITE_SYS:b2v_inst2|CORTEXM0DS:u_cortexm0ds|cortexm0ds_logic:u_logic|Kf13z4 ; 2       ;
; AHBLITE_SYS:b2v_inst2|CORTEXM0DS:u_cortexm0ds|cortexm0ds_logic:u_logic|Wlz2z4 ; 2       ;
; AHBLITE_SYS:b2v_inst2|CORTEXM0DS:u_cortexm0ds|cortexm0ds_logic:u_logic|Cy33z4 ; 2       ;
; AHBLITE_SYS:b2v_inst2|CORTEXM0DS:u_cortexm0ds|cortexm0ds_logic:u_logic|To23z4 ; 2       ;
; AHBLITE_SYS:b2v_inst2|CORTEXM0DS:u_cortexm0ds|cortexm0ds_logic:u_logic|L753z4 ; 2       ;
; AHBLITE_SYS:b2v_inst2|CORTEXM0DS:u_cortexm0ds|cortexm0ds_logic:u_logic|Gju2z4 ; 2       ;
; AHBLITE_SYS:b2v_inst2|CORTEXM0DS:u_cortexm0ds|cortexm0ds_logic:u_logic|Po83z4 ; 2       ;
; AHBLITE_SYS:b2v_inst2|CORTEXM0DS:u_cortexm0ds|cortexm0ds_logic:u_logic|Psv2z4 ; 2       ;
; AHBLITE_SYS:b2v_inst2|CORTEXM0DS:u_cortexm0ds|cortexm0ds_logic:u_logic|Mhn2z4 ; 2       ;
; AHBLITE_SYS:b2v_inst2|CORTEXM0DS:u_cortexm0ds|cortexm0ds_logic:u_logic|Vu93z4 ; 2       ;
; AHBLITE_SYS:b2v_inst2|CORTEXM0DS:u_cortexm0ds|cortexm0ds_logic:u_logic|Yfn2z4 ; 2       ;
; AHBLITE_SYS:b2v_inst2|CORTEXM0DS:u_cortexm0ds|cortexm0ds_logic:u_logic|Ajn2z4 ; 2       ;
; AHBLITE_SYS:b2v_inst2|CORTEXM0DS:u_cortexm0ds|cortexm0ds_logic:u_logic|Gf73z4 ; 2       ;
; AHBLITE_SYS:b2v_inst2|CORTEXM0DS:u_cortexm0ds|cortexm0ds_logic:u_logic|M1j2z4 ; 63      ;
; AHBLITE_SYS:b2v_inst2|CORTEXM0DS:u_cortexm0ds|cortexm0ds_logic:u_logic|Cmn2z4 ; 2       ;
; AHBLITE_SYS:b2v_inst2|CORTEXM0DS:u_cortexm0ds|cortexm0ds_logic:u_logic|Okn2z4 ; 2       ;
; AHBLITE_SYS:b2v_inst2|CORTEXM0DS:u_cortexm0ds|cortexm0ds_logic:u_logic|Q713z4 ; 2       ;
; AHBLITE_SYS:b2v_inst2|CORTEXM0DS:u_cortexm0ds|cortexm0ds_logic:u_logic|Jw93z4 ; 5       ;
; AHBLITE_SYS:b2v_inst2|CORTEXM0DS:u_cortexm0ds|cortexm0ds_logic:u_logic|Ow43z4 ; 2       ;
; AHBLITE_SYS:b2v_inst2|CORTEXM0DS:u_cortexm0ds|cortexm0ds_logic:u_logic|Wa03z4 ; 2       ;
; AHBLITE_SYS:b2v_inst2|CORTEXM0DS:u_cortexm0ds|cortexm0ds_logic:u_logic|Wd23z4 ; 2       ;
; AHBLITE_SYS:b2v_inst2|CORTEXM0DS:u_cortexm0ds|cortexm0ds_logic:u_logic|Fn33z4 ; 2       ;
; AHBLITE_SYS:b2v_inst2|CORTEXM0DS:u_cortexm0ds|cortexm0ds_logic:u_logic|X563z4 ; 2       ;
; AHBLITE_SYS:b2v_inst2|CORTEXM0DS:u_cortexm0ds|cortexm0ds_logic:u_logic|Y1u2z4 ; 2       ;
; AHBLITE_SYS:b2v_inst2|CORTEXM0DS:u_cortexm0ds|cortexm0ds_logic:u_logic|H783z4 ; 2       ;
; AHBLITE_SYS:b2v_inst2|CORTEXM0DS:u_cortexm0ds|cortexm0ds_logic:u_logic|Hbv2z4 ; 2       ;
; AHBLITE_SYS:b2v_inst2|CORTEXM0DS:u_cortexm0ds|cortexm0ds_logic:u_logic|H2m2z4 ; 2       ;
; AHBLITE_SYS:b2v_inst2|CORTEXM0DS:u_cortexm0ds|cortexm0ds_logic:u_logic|Yb93z4 ; 2       ;
; AHBLITE_SYS:b2v_inst2|CORTEXM0DS:u_cortexm0ds|cortexm0ds_logic:u_logic|T0m2z4 ; 2       ;
; AHBLITE_SYS:b2v_inst2|CORTEXM0DS:u_cortexm0ds|cortexm0ds_logic:u_logic|V3m2z4 ; 2       ;
; AHBLITE_SYS:b2v_inst2|CORTEXM0DS:u_cortexm0ds|cortexm0ds_logic:u_logic|Yx63z4 ; 2       ;
; AHBLITE_SYS:b2v_inst2|CORTEXM0DS:u_cortexm0ds|cortexm0ds_logic:u_logic|X6m2z4 ; 2       ;
; AHBLITE_SYS:b2v_inst2|CORTEXM0DS:u_cortexm0ds|cortexm0ds_logic:u_logic|J5m2z4 ; 2       ;
; AHBLITE_SYS:b2v_inst2|CORTEXM0DS:u_cortexm0ds|cortexm0ds_logic:u_logic|Gf43z4 ; 2       ;
; AHBLITE_SYS:b2v_inst2|CORTEXM0DS:u_cortexm0ds|cortexm0ds_logic:u_logic|Ow13z4 ; 2       ;
; AHBLITE_SYS:b2v_inst2|CORTEXM0DS:u_cortexm0ds|cortexm0ds_logic:u_logic|Xx93z4 ; 5       ;
; AHBLITE_SYS:b2v_inst2|CORTEXM0DS:u_cortexm0ds|cortexm0ds_logic:u_logic|X533z4 ; 2       ;
; AHBLITE_SYS:b2v_inst2|CORTEXM0DS:u_cortexm0ds|cortexm0ds_logic:u_logic|Bv03z4 ; 2       ;
; AHBLITE_SYS:b2v_inst2|CORTEXM0DS:u_cortexm0ds|cortexm0ds_logic:u_logic|Hyz2z4 ; 2       ;
; AHBLITE_SYS:b2v_inst2|CORTEXM0DS:u_cortexm0ds|cortexm0ds_logic:u_logic|Po53z4 ; 2       ;
; AHBLITE_SYS:b2v_inst2|CORTEXM0DS:u_cortexm0ds|cortexm0ds_logic:u_logic|G4r2z4 ; 2       ;
; AHBLITE_SYS:b2v_inst2|CORTEXM0DS:u_cortexm0ds|cortexm0ds_logic:u_logic|K0u2z4 ; 2       ;
; AHBLITE_SYS:b2v_inst2|CORTEXM0DS:u_cortexm0ds|cortexm0ds_logic:u_logic|T9v2z4 ; 2       ;
; AHBLITE_SYS:b2v_inst2|CORTEXM0DS:u_cortexm0ds|cortexm0ds_logic:u_logic|S2r2z4 ; 2       ;
; AHBLITE_SYS:b2v_inst2|CORTEXM0DS:u_cortexm0ds|cortexm0ds_logic:u_logic|Kw63z4 ; 2       ;
; AHBLITE_SYS:b2v_inst2|CORTEXM0DS:u_cortexm0ds|cortexm0ds_logic:u_logic|T583z4 ; 2       ;
; AHBLITE_SYS:b2v_inst2|CORTEXM0DS:u_cortexm0ds|cortexm0ds_logic:u_logic|Ka93z4 ; 2       ;
; AHBLITE_SYS:b2v_inst2|CORTEXM0DS:u_cortexm0ds|cortexm0ds_logic:u_logic|E1r2z4 ; 2       ;
; AHBLITE_SYS:b2v_inst2|CORTEXM0DS:u_cortexm0ds|cortexm0ds_logic:u_logic|I7r2z4 ; 2       ;
; AHBLITE_SYS:b2v_inst2|CORTEXM0DS:u_cortexm0ds|cortexm0ds_logic:u_logic|U5r2z4 ; 2       ;
; AHBLITE_SYS:b2v_inst2|CORTEXM0DS:u_cortexm0ds|cortexm0ds_logic:u_logic|Nt03z4 ; 2       ;
; AHBLITE_SYS:b2v_inst2|CORTEXM0DS:u_cortexm0ds|cortexm0ds_logic:u_logic|Ovc3z4 ; 5       ;
; AHBLITE_SYS:b2v_inst2|CORTEXM0DS:u_cortexm0ds|cortexm0ds_logic:u_logic|Sd43z4 ; 2       ;
; AHBLITE_SYS:b2v_inst2|CORTEXM0DS:u_cortexm0ds|cortexm0ds_logic:u_logic|Twz2z4 ; 2       ;
; AHBLITE_SYS:b2v_inst2|CORTEXM0DS:u_cortexm0ds|cortexm0ds_logic:u_logic|Av13z4 ; 2       ;
; AHBLITE_SYS:b2v_inst2|CORTEXM0DS:u_cortexm0ds|cortexm0ds_logic:u_logic|J433z4 ; 2       ;
; AHBLITE_SYS:b2v_inst2|CORTEXM0DS:u_cortexm0ds|cortexm0ds_logic:u_logic|Bn53z4 ; 2       ;
; AHBLITE_SYS:b2v_inst2|CORTEXM0DS:u_cortexm0ds|cortexm0ds_logic:u_logic|Wmp2z4 ; 2       ;
; AHBLITE_SYS:b2v_inst2|CORTEXM0DS:u_cortexm0ds|cortexm0ds_logic:u_logic|Ilp2z4 ; 2       ;
; AHBLITE_SYS:b2v_inst2|CORTEXM0DS:u_cortexm0ds|cortexm0ds_logic:u_logic|Fvz2z4 ; 2       ;
; Total number of inverted registers = 803*                                     ;         ;
+-------------------------------------------------------------------------------+---------+
* Table truncated at 100 items. To change the number of inverted registers reported, set the "Number of Inverted Registers Reported" option under Assignments->Settings->Analysis and Synthesis Settings->More Settings


+--------------------------------------------------------------------------------------------------------------------------------------------------------------------+
; Multiplexer Restructuring Statistics (Restructuring Performed)                                                                                                     ;
+--------------------+-----------+---------------+----------------------+------------------------+------------+------------------------------------------------------+
; Multiplexer Inputs ; Bus Width ; Baseline Area ; Area if Restructured ; Saving if Restructured ; Registered ; Example Multiplexer Output                           ;
+--------------------+-----------+---------------+----------------------+------------------------+------------+------------------------------------------------------+
; 257:1              ; 7 bits    ; 1197 LEs      ; 1197 LEs             ; 0 LEs                  ; No         ; |ARMSOC_1|AHBLITE_SYS:b2v_inst2|AHBMUX:uAHBMUX|Mux17 ;
; 271:1              ; 17 bits   ; 3060 LEs      ; 2941 LEs             ; 119 LEs                ; No         ; |ARMSOC_1|AHBLITE_SYS:b2v_inst2|AHBMUX:uAHBMUX|Mux15 ;
; 271:1              ; 8 bits    ; 1440 LEs      ; 1392 LEs             ; 48 LEs                 ; No         ; |ARMSOC_1|AHBLITE_SYS:b2v_inst2|AHBMUX:uAHBMUX|Mux31 ;
+--------------------+-----------+---------------+----------------------+------------------------+------------+------------------------------------------------------+


+-------------------------------------------------------------------------------------+
; Parameter Settings for User Entity Instance: AHBLITE_SYS:b2v_inst2|AHB2MEM:uAHB2MEM ;
+----------------+-------+------------------------------------------------------------+
; Parameter Name ; Value ; Type                                                       ;
+----------------+-------+------------------------------------------------------------+
; MEMWIDTH       ; 10    ; Signed Integer                                             ;
+----------------+-------+------------------------------------------------------------+
Note: In order to hide this table in the UI and the text report file, please set the "Show Parameter Settings in Synthesis Report" option in "Analysis and Synthesis Settings -> More Settings" to "Off".


+------------------------------------------------------------------------------------------------------------------------------------------+
; Port Connectivity Checks: "AHBLITE_SYS:b2v_inst2|AHB2LED:uAHB2SEG7"                                                                      ;
+-----------+--------+----------+----------------------------------------------------------------------------------------------------------+
; Port      ; Type   ; Severity ; Details                                                                                                  ;
+-----------+--------+----------+----------------------------------------------------------------------------------------------------------+
; HRDATA    ; Output ; Info     ; Connected to dangling logic. Logic that only feeds a dangling port will be removed.                      ;
; HREADYOUT ; Output ; Info     ; Connected to dangling logic. Logic that only feeds a dangling port will be removed.                      ;
; LED       ; Output ; Warning  ; Declared by entity but not connected by instance. Logic that only feeds a dangling port will be removed. ;
+-----------+--------+----------+----------------------------------------------------------------------------------------------------------+


+--------------------------------------------------------------------+
; Port Connectivity Checks: "AHBLITE_SYS:b2v_inst2|AHB2MEM:uAHB2MEM" ;
+------+--------+----------+-----------------------------------------+
; Port ; Type   ; Severity ; Details                                 ;
+------+--------+----------+-----------------------------------------+
; LED  ; Output ; Info     ; Explicitly unconnected                  ;
+------+--------+----------+-----------------------------------------+


+------------------------------------------------------------------+
; Port Connectivity Checks: "AHBLITE_SYS:b2v_inst2|AHBMUX:uAHBMUX" ;
+----------------------+-------+----------+------------------------+
; Port                 ; Type  ; Severity ; Details                ;
+----------------------+-------+----------+------------------------+
; HRDATA_S2            ; Input ; Info     ; Explicitly unconnected ;
; HRDATA_S3            ; Input ; Info     ; Explicitly unconnected ;
; HRDATA_S4            ; Input ; Info     ; Explicitly unconnected ;
; HRDATA_S5            ; Input ; Info     ; Explicitly unconnected ;
; HRDATA_S6            ; Input ; Info     ; Explicitly unconnected ;
; HRDATA_S7            ; Input ; Info     ; Explicitly unconnected ;
; HRDATA_S8            ; Input ; Info     ; Explicitly unconnected ;
; HRDATA_S9            ; Input ; Info     ; Explicitly unconnected ;
; HRDATA_NOMAP[31..30] ; Input ; Info     ; Stuck at VCC           ;
; HRDATA_NOMAP[28..25] ; Input ; Info     ; Stuck at VCC           ;
; HRDATA_NOMAP[19..18] ; Input ; Info     ; Stuck at VCC           ;
; HRDATA_NOMAP[16..15] ; Input ; Info     ; Stuck at VCC           ;
; HRDATA_NOMAP[13..9]  ; Input ; Info     ; Stuck at VCC           ;
; HRDATA_NOMAP[7..5]   ; Input ; Info     ; Stuck at VCC           ;
; HRDATA_NOMAP[3..0]   ; Input ; Info     ; Stuck at VCC           ;
; HRDATA_NOMAP[29]     ; Input ; Info     ; Stuck at GND           ;
; HRDATA_NOMAP[24]     ; Input ; Info     ; Stuck at GND           ;
; HRDATA_NOMAP[23]     ; Input ; Info     ; Stuck at VCC           ;
; HRDATA_NOMAP[22]     ; Input ; Info     ; Stuck at GND           ;
; HRDATA_NOMAP[21]     ; Input ; Info     ; Stuck at VCC           ;
; HRDATA_NOMAP[20]     ; Input ; Info     ; Stuck at GND           ;
; HRDATA_NOMAP[17]     ; Input ; Info     ; Stuck at GND           ;
; HRDATA_NOMAP[14]     ; Input ; Info     ; Stuck at GND           ;
; HRDATA_NOMAP[8]      ; Input ; Info     ; Stuck at GND           ;
; HRDATA_NOMAP[4]      ; Input ; Info     ; Stuck at GND           ;
; HREADYOUT_S2         ; Input ; Info     ; Stuck at VCC           ;
; HREADYOUT_S3         ; Input ; Info     ; Stuck at VCC           ;
; HREADYOUT_S4         ; Input ; Info     ; Stuck at VCC           ;
; HREADYOUT_S5         ; Input ; Info     ; Stuck at VCC           ;
; HREADYOUT_S6         ; Input ; Info     ; Stuck at VCC           ;
; HREADYOUT_S7         ; Input ; Info     ; Stuck at VCC           ;
; HREADYOUT_S8         ; Input ; Info     ; Stuck at VCC           ;
; HREADYOUT_S9         ; Input ; Info     ; Stuck at VCC           ;
; HREADYOUT_NOMAP      ; Input ; Info     ; Stuck at VCC           ;
+----------------------+-------+----------+------------------------+


+----------------------------------------------------------------------------------------------------------------------+
; Port Connectivity Checks: "AHBLITE_SYS:b2v_inst2|AHBDCD:uAHBDCD"                                                     ;
+------------+--------+----------+-------------------------------------------------------------------------------------+
; Port       ; Type   ; Severity ; Details                                                                             ;
+------------+--------+----------+-------------------------------------------------------------------------------------+
; HSEL_S3    ; Output ; Info     ; Explicitly unconnected                                                              ;
; HSEL_S4    ; Output ; Info     ; Explicitly unconnected                                                              ;
; HSEL_S5    ; Output ; Info     ; Explicitly unconnected                                                              ;
; HSEL_S6    ; Output ; Info     ; Explicitly unconnected                                                              ;
; HSEL_S7    ; Output ; Info     ; Explicitly unconnected                                                              ;
; HSEL_S8    ; Output ; Info     ; Explicitly unconnected                                                              ;
; HSEL_S9    ; Output ; Info     ; Explicitly unconnected                                                              ;
; HSEL_NOMAP ; Output ; Info     ; Connected to dangling logic. Logic that only feeds a dangling port will be removed. ;
+------------+--------+----------+-------------------------------------------------------------------------------------+


+-------------------------------------------------------------------------------------------------------------------------+
; Port Connectivity Checks: "AHBLITE_SYS:b2v_inst2|CORTEXM0DS:u_cortexm0ds|cortexm0ds_logic:u_logic"                      ;
+---------------+--------+----------+-------------------------------------------------------------------------------------+
; Port          ; Type   ; Severity ; Details                                                                             ;
+---------------+--------+----------+-------------------------------------------------------------------------------------+
; vis_r0_o      ; Output ; Info     ; Connected to dangling logic. Logic that only feeds a dangling port will be removed. ;
; vis_r1_o      ; Output ; Info     ; Connected to dangling logic. Logic that only feeds a dangling port will be removed. ;
; vis_r2_o      ; Output ; Info     ; Connected to dangling logic. Logic that only feeds a dangling port will be removed. ;
; vis_r3_o      ; Output ; Info     ; Connected to dangling logic. Logic that only feeds a dangling port will be removed. ;
; vis_r4_o      ; Output ; Info     ; Connected to dangling logic. Logic that only feeds a dangling port will be removed. ;
; vis_r5_o      ; Output ; Info     ; Connected to dangling logic. Logic that only feeds a dangling port will be removed. ;
; vis_r6_o      ; Output ; Info     ; Connected to dangling logic. Logic that only feeds a dangling port will be removed. ;
; vis_r7_o      ; Output ; Info     ; Connected to dangling logic. Logic that only feeds a dangling port will be removed. ;
; vis_r8_o      ; Output ; Info     ; Connected to dangling logic. Logic that only feeds a dangling port will be removed. ;
; vis_r9_o      ; Output ; Info     ; Connected to dangling logic. Logic that only feeds a dangling port will be removed. ;
; vis_r10_o     ; Output ; Info     ; Connected to dangling logic. Logic that only feeds a dangling port will be removed. ;
; vis_r11_o     ; Output ; Info     ; Connected to dangling logic. Logic that only feeds a dangling port will be removed. ;
; vis_r12_o     ; Output ; Info     ; Connected to dangling logic. Logic that only feeds a dangling port will be removed. ;
; vis_msp_o     ; Output ; Info     ; Connected to dangling logic. Logic that only feeds a dangling port will be removed. ;
; vis_psp_o     ; Output ; Info     ; Connected to dangling logic. Logic that only feeds a dangling port will be removed. ;
; vis_r14_o     ; Output ; Info     ; Connected to dangling logic. Logic that only feeds a dangling port will be removed. ;
; vis_pc_o      ; Output ; Info     ; Connected to dangling logic. Logic that only feeds a dangling port will be removed. ;
; vis_apsr_o    ; Output ; Info     ; Connected to dangling logic. Logic that only feeds a dangling port will be removed. ;
; vis_tbit_o    ; Output ; Info     ; Connected to dangling logic. Logic that only feeds a dangling port will be removed. ;
; vis_ipsr_o    ; Output ; Info     ; Connected to dangling logic. Logic that only feeds a dangling port will be removed. ;
; vis_control_o ; Output ; Info     ; Connected to dangling logic. Logic that only feeds a dangling port will be removed. ;
; vis_primask_o ; Output ; Info     ; Connected to dangling logic. Logic that only feeds a dangling port will be removed. ;
+---------------+--------+----------+-------------------------------------------------------------------------------------+


+-----------------------------------------------------------------------------------------------------------------------+
; Port Connectivity Checks: "AHBLITE_SYS:b2v_inst2|CORTEXM0DS:u_cortexm0ds"                                             ;
+-------------+--------+----------+-------------------------------------------------------------------------------------+
; Port        ; Type   ; Severity ; Details                                                                             ;
+-------------+--------+----------+-------------------------------------------------------------------------------------+
; HBURST      ; Output ; Info     ; Connected to dangling logic. Logic that only feeds a dangling port will be removed. ;
; HMASTLOCK   ; Output ; Info     ; Connected to dangling logic. Logic that only feeds a dangling port will be removed. ;
; HPROT       ; Output ; Info     ; Connected to dangling logic. Logic that only feeds a dangling port will be removed. ;
; HRESP       ; Input  ; Info     ; Stuck at GND                                                                        ;
; NMI         ; Input  ; Info     ; Stuck at GND                                                                        ;
; IRQ         ; Input  ; Info     ; Stuck at GND                                                                        ;
; TXEV        ; Output ; Info     ; Explicitly unconnected                                                              ;
; RXEV        ; Input  ; Info     ; Stuck at GND                                                                        ;
; SYSRESETREQ ; Output ; Info     ; Explicitly unconnected                                                              ;
; SLEEPING    ; Output ; Info     ; Explicitly unconnected                                                              ;
+-------------+--------+----------+-------------------------------------------------------------------------------------+


+-------------------------------+
; Elapsed Time Per Partition    ;
+----------------+--------------+
; Partition Name ; Elapsed Time ;
+----------------+--------------+
; Top            ; 00:00:32     ;
+----------------+--------------+


+-------------------------------+
; Analysis & Synthesis Messages ;
+-------------------------------+
Info: *******************************************************************
Info: Running Quartus II 64-Bit Analysis & Synthesis
    Info: Version 13.0.1 Build 232 06/12/2013 Service Pack 1 SJ Full Version
    Info: Processing started: Fri Apr 30 19:37:49 2021
Info: Command: quartus_map --read_settings_files=on --write_settings_files=off ARMSOC_1 -c ARMSOC_1
Info (11104): Parallel Compilation has detected 8 hyper-threaded processors. However, the extra hyper-threaded processors will not be used by default. Parallel Compilation will use 4 of the 4 physical processors detected instead.
Info (12021): Found 1 design units, including 1 entities, in source file /design-start-students-v2/designstart-students-v2/example_soc/armsoc_de2_1/ahbmux.v
    Info (12023): Found entity 1: AHBMUX
Info (12021): Found 1 design units, including 1 entities, in source file /design-start-students-v2/designstart-students-v2/example_soc/armsoc_de2_1/ahbdcd.v
    Info (12023): Found entity 1: AHBDCD
Info (12021): Found 1 design units, including 1 entities, in source file /design-start-students-v2/designstart-students-v2/parts/ahb_peripherals/ahbl_led/ahb2led.v
    Info (12023): Found entity 1: AHB2LED
Info (12021): Found 1 design units, including 1 entities, in source file /design-start-students-v2/designstart-students-v2/parts/cortexm0ds/verilog/cortexm0ds_logic.v
    Info (12023): Found entity 1: cortexm0ds_logic
Info (12021): Found 1 design units, including 1 entities, in source file /design-start-students-v2/designstart-students-v2/parts/cortexm0ds/verilog/cortexm0ds.v
    Info (12023): Found entity 1: CORTEXM0DS
Info (12021): Found 1 design units, including 1 entities, in source file /design-start-students-v2/designstart-students-v2/parts/ahb_peripherals/clockdivider/clockdiv.v
    Info (12023): Found entity 1: ClockDiv
Warning (10275): Verilog HDL Module Instantiation warning at AHBLITE_SYS.v(257): ignored dangling comma in List of Port Connections
Info (12021): Found 1 design units, including 1 entities, in source file /design-start-students-v2/designstart-students-v2/example_soc/armsoc_de2_1/ahblite_sys.v
    Info (12023): Found entity 1: AHBLITE_SYS
Info (12021): Found 1 design units, including 1 entities, in source file /design-start-students-v2/designstart-students-v2/parts/ahb_peripherals/ahbl_mem/ahb2mem_v2.v
    Info (12023): Found entity 1: AHB2MEM
Info (12021): Found 1 design units, including 1 entities, in source file armsoc_1.v
    Info (12023): Found entity 1: ARMSOC_1
Info (12021): Found 1 design units, including 1 entities, in source file /design-start-students-v2/designstart-students-v2/parts/ahb_peripherals/ahb_7seg/ahb7seg.v
    Info (12023): Found entity 1: AHB7SEG
Info (12021): Found 1 design units, including 1 entities, in source file /design-start-students-v2/designstart-students-v2/parts/modules/hexto7seg.v
    Info (12023): Found entity 1: hexto7segment
Warning (10236): Verilog HDL Implicit Net warning at AHBLITE_SYS.v(150): created implicit net for "HSEL_SEG7"
Warning (10236): Verilog HDL Implicit Net warning at AHBLITE_SYS.v(158): created implicit net for "HSEL_NOMAP"
Info (12127): Elaborating entity "ARMSOC_1" for the top level hierarchy
Info (12128): Elaborating entity "AHBLITE_SYS" for hierarchy "AHBLITE_SYS:b2v_inst2"
Warning (10034): Output port "HEX0" at AHBLITE_SYS.v(45) has no driver
Warning (10034): Output port "HEX1" at AHBLITE_SYS.v(46) has no driver
Warning (10034): Output port "HEX2" at AHBLITE_SYS.v(47) has no driver
Warning (10034): Output port "HEX3" at AHBLITE_SYS.v(48) has no driver
Warning (10034): Output port "HEX4" at AHBLITE_SYS.v(49) has no driver
Warning (10034): Output port "HEX5" at AHBLITE_SYS.v(50) has no driver
Warning (10034): Output port "HEX6" at AHBLITE_SYS.v(51) has no driver
Warning (10034): Output port "HEX7" at AHBLITE_SYS.v(54) has no driver
Info (12128): Elaborating entity "ClockDiv" for hierarchy "AHBLITE_SYS:b2v_inst2|ClockDiv:uClockDiv"
Info (12128): Elaborating entity "CORTEXM0DS" for hierarchy "AHBLITE_SYS:b2v_inst2|CORTEXM0DS:u_cortexm0ds"
Warning (10036): Verilog HDL or VHDL warning at CORTEXM0DS.v(73): object "cm0_msp" assigned a value but never read
Warning (10036): Verilog HDL or VHDL warning at CORTEXM0DS.v(74): object "cm0_psp" assigned a value but never read
Warning (10036): Verilog HDL or VHDL warning at CORTEXM0DS.v(76): object "cm0_pc" assigned a value but never read
Warning (10036): Verilog HDL or VHDL warning at CORTEXM0DS.v(77): object "cm0_xpsr" assigned a value but never read
Warning (10036): Verilog HDL or VHDL warning at CORTEXM0DS.v(78): object "cm0_control" assigned a value but never read
Warning (10036): Verilog HDL or VHDL warning at CORTEXM0DS.v(79): object "cm0_primask" assigned a value but never read
Info (12128): Elaborating entity "cortexm0ds_logic" for hierarchy "AHBLITE_SYS:b2v_inst2|CORTEXM0DS:u_cortexm0ds|cortexm0ds_logic:u_logic"
Warning (10036): Verilog HDL or VHDL warning at cortexm0ds_logic.v(1130): object "N4i2z4" assigned a value but never read
Warning (10036): Verilog HDL or VHDL warning at cortexm0ds_logic.v(1130): object "L5i2z4" assigned a value but never read
Info (12128): Elaborating entity "AHBDCD" for hierarchy "AHBLITE_SYS:b2v_inst2|AHBDCD:uAHBDCD"
Info (12128): Elaborating entity "AHBMUX" for hierarchy "AHBLITE_SYS:b2v_inst2|AHBMUX:uAHBMUX"
Info (12128): Elaborating entity "AHB2MEM" for hierarchy "AHBLITE_SYS:b2v_inst2|AHB2MEM:uAHB2MEM"
Info (12128): Elaborating entity "AHB2LED" for hierarchy "AHBLITE_SYS:b2v_inst2|AHB2LED:uAHB2LED"
Warning (10036): Verilog HDL or VHDL warning at AHB2LED.v(24): object "rHADDR" assigned a value but never read
Warning (10036): Verilog HDL or VHDL warning at AHB2LED.v(27): object "rHSIZE" assigned a value but never read
Warning (12241): 1 hierarchies have connectivity warnings - see the Connectivity Checks report folder
Info (13000): Registers with preset signals will power-up high
Info (13003): DEV_CLRn pin will set, and not reset, register with preset signal due to NOT Gate Push-Back
Warning (13024): Output pins are stuck at VCC or GND
    Warning (13410): Pin "HEX0[0]" is stuck at GND
    Warning (13410): Pin "HEX0[1]" is stuck at GND
    Warning (13410): Pin "HEX0[2]" is stuck at GND
    Warning (13410): Pin "HEX0[3]" is stuck at GND
    Warning (13410): Pin "HEX0[4]" is stuck at GND
    Warning (13410): Pin "HEX0[5]" is stuck at GND
    Warning (13410): Pin "HEX0[6]" is stuck at GND
    Warning (13410): Pin "HEX1[0]" is stuck at GND
    Warning (13410): Pin "HEX1[1]" is stuck at GND
    Warning (13410): Pin "HEX1[2]" is stuck at GND
    Warning (13410): Pin "HEX1[3]" is stuck at GND
    Warning (13410): Pin "HEX1[4]" is stuck at GND
    Warning (13410): Pin "HEX1[5]" is stuck at GND
    Warning (13410): Pin "HEX1[6]" is stuck at GND
    Warning (13410): Pin "HEX2[0]" is stuck at GND
    Warning (13410): Pin "HEX2[1]" is stuck at GND
    Warning (13410): Pin "HEX2[2]" is stuck at GND
    Warning (13410): Pin "HEX2[3]" is stuck at GND
    Warning (13410): Pin "HEX2[4]" is stuck at GND
    Warning (13410): Pin "HEX2[5]" is stuck at GND
    Warning (13410): Pin "HEX2[6]" is stuck at GND
    Warning (13410): Pin "HEX3[0]" is stuck at GND
    Warning (13410): Pin "HEX3[1]" is stuck at GND
    Warning (13410): Pin "HEX3[2]" is stuck at GND
    Warning (13410): Pin "HEX3[3]" is stuck at GND
    Warning (13410): Pin "HEX3[4]" is stuck at GND
    Warning (13410): Pin "HEX3[5]" is stuck at GND
    Warning (13410): Pin "HEX3[6]" is stuck at GND
    Warning (13410): Pin "HEX4[0]" is stuck at GND
    Warning (13410): Pin "HEX4[1]" is stuck at GND
    Warning (13410): Pin "HEX4[2]" is stuck at GND
    Warning (13410): Pin "HEX4[3]" is stuck at GND
    Warning (13410): Pin "HEX4[4]" is stuck at GND
    Warning (13410): Pin "HEX4[5]" is stuck at GND
    Warning (13410): Pin "HEX4[6]" is stuck at GND
    Warning (13410): Pin "HEX5[0]" is stuck at GND
    Warning (13410): Pin "HEX5[1]" is stuck at GND
    Warning (13410): Pin "HEX5[2]" is stuck at GND
    Warning (13410): Pin "HEX5[3]" is stuck at GND
    Warning (13410): Pin "HEX5[4]" is stuck at GND
    Warning (13410): Pin "HEX5[5]" is stuck at GND
    Warning (13410): Pin "HEX5[6]" is stuck at GND
    Warning (13410): Pin "HEX6[0]" is stuck at GND
    Warning (13410): Pin "HEX6[1]" is stuck at GND
    Warning (13410): Pin "HEX6[2]" is stuck at GND
    Warning (13410): Pin "HEX6[3]" is stuck at GND
    Warning (13410): Pin "HEX6[4]" is stuck at GND
    Warning (13410): Pin "HEX6[5]" is stuck at GND
    Warning (13410): Pin "HEX6[6]" is stuck at GND
    Warning (13410): Pin "HEX7[0]" is stuck at GND
    Warning (13410): Pin "HEX7[1]" is stuck at GND
    Warning (13410): Pin "HEX7[2]" is stuck at GND
    Warning (13410): Pin "HEX7[3]" is stuck at GND
    Warning (13410): Pin "HEX7[4]" is stuck at GND
    Warning (13410): Pin "HEX7[5]" is stuck at GND
    Warning (13410): Pin "HEX7[6]" is stuck at GND
Info (17049): 17 registers lost all their fanouts during netlist optimizations.
Info (144001): Generated suppressed messages file M:/Design-Start-Students-v2/DesignStart-Students-V2/EXAMPLE_SoC/ARMSOC_DE2_1/Altera/ARMSOC_1.map.smsg
Info (16010): Generating hard_block partition "hard_block:auto_generated_inst"
    Info (16011): Adding 0 node(s), including 0 DDIO, 0 PLL, 0 transceiver and 0 LCELL
Info (21057): Implemented 19181 device resources after synthesis - the final resource count might be different
    Info (21058): Implemented 2 input pins
    Info (21059): Implemented 65 output pins
    Info (21061): Implemented 19114 logic cells
Info: Quartus II 64-Bit Analysis & Synthesis was successful. 0 errors, 79 warnings
    Info: Peak virtual memory: 4706 megabytes
    Info: Processing ended: Fri Apr 30 19:38:43 2021
    Info: Elapsed time: 00:00:54
    Info: Total CPU time (on all processors): 00:00:36


+------------------------------------------+
; Analysis & Synthesis Suppressed Messages ;
+------------------------------------------+
The suppressed messages can be found in M:/Design-Start-Students-v2/DesignStart-Students-V2/EXAMPLE_SoC/ARMSOC_DE2_1/Altera/ARMSOC_1.map.smsg.


