<html>
<body>
<pre>
<h1>µVision Build Log</h1>
<h2>Project:</h2>
C:\Jeremy\ARM\DesignStart-Jeremy\EXAMPLE_SoC\ARMSOC_1\Software\code.uvproj
Project File Date:  08/02/2012

<h2>Output:</h2>
Rebuild target 'Target 1'
assembling cm0dsasm.s...
cm0dsasm.s(72): warning: A1581W: Added 2 bytes of padding at address 0x1a
linking...
Program Size: Code=44 RO-data=128 RW-data=0 ZI-data=0  
User command #1: fromelf -bin code.axf -o code.bin
Warning: Q3910W: Old syntax, please use '--bin'.
Finished: 0 information, 1 warning and 0 error messages.
User command #2: fromelf -cvf code.axf -o disasm.txt --vhx --16x1 -o code.hex
"code.axf" - 0 Error(s), 1 Warning(s).
Rebuild target 'Target 1'
assembling cm0dsasm.s...
cm0dsasm.s(72): warning: A1581W: Added 2 bytes of padding at address 0x1a
linking...
Program Size: Code=44 RO-data=128 RW-data=0 ZI-data=0  
User command #1: fromelf --bin code.axf -o code.bin
User command #2: fromelf -cvf code.axf -o disasm.txt --vhx --16x1 -o code.hex
"code.axf" - 0 Error(s), 1 Warning(s).
Rebuild target 'Target 1'
assembling cm0dsasm.s...
cm0dsasm.s(72): warning: A1581W: Added 2 bytes of padding at address 0x1a
linking...
Program Size: Code=44 RO-data=128 RW-data=0 ZI-data=0  
User command #1: fromelf --bin code.axf -o code.bin
User command #2: fromelf -cvf code.axf -o disasm.txt --vhx --32x1 -o code.hex
"code.axf" - 0 Error(s), 1 Warning(s).
